# Radiators Expected Power Status
- name: "HVAC Radiator Expected Power Status Office"
  unique_id: hvac_radiator_expected_power_status_office
  state: >
    {{ states('binary_sensor.hvac_radiator_power_status_office') }}

- name: "HVAC Radiator Expected Power Status Family Room"
  unique_id: hvac_radiator_expected_power_status_family_room
  state: >
    {{ states('binary_sensor.hvac_radiator_power_status_family_room') }}

- name: "HVAC Radiator Expected Power Status Main Zone"
  unique_id: hvac_radiator_expected_power_status_main_zone
  state: >
    {{ states('binary_sensor.hvac_radiator_power_status_main_zone') }}
    
# Mini Splits Expected Power Status
- name: "HVAC Mini Split Expected Power Status Office"
  unique_id: hvac_mini_split_expected_power_status_office
  state: >
    {{ states('binary_sensor.hvac_mini_split_power_status_office') }}

- name: "HVAC Mini Split Expected Power Status Erik Office"
  unique_id: hvac_mini_split_expected_power_status_erik_office
  state: >
    {{ states('binary_sensor.hvac_mini_split_power_status_erik_office') }}

- name: "HVAC Mini Split Expected Power Status Family Room"
  unique_id: hvac_mini_split_expected_power_status_family_room
  state: >
    {{ states('binary_sensor.hvac_mini_split_power_status_family_room') }}

- name: "HVAC Mini Split Expected Power Status Living Room"
  unique_id: hvac_mini_split_expected_power_status_living_room
  state: >
    {{ states('binary_sensor.hvac_mini_split_power_status_living_room') }}

- name: "HVAC Mini Split Expected Power Status Dining Room"
  unique_id: hvac_mini_split_expected_power_status_dining_room
  state: >
    {{ states('binary_sensor.hvac_mini_split_power_status_dining_room') }}

- name: "HVAC Mini Split Expected Power Status Master Bedroom"
  unique_id: hvac_mini_split_expected_power_status_master_bedroom
  state: >
    {{ states('binary_sensor.hvac_mini_split_power_status_master_bedroom') }}

# Ducted Expected Power Status
- name: "HVAC Ducted Expected Power Status"
  unique_id: hvac_ducted_expected_power_status
  state: >
    {{ states('binary_sensor.hvac_ducted_power_status') }}

# Space Heaters Expected Power Status
- name: "HVAC Space Heater Expected Power Status Office"
  unique_id: hvac_space_heater_expected_power_status_office
  state: >
    {{ states('binary_sensor.hvac_space_heater_active_office') }}