# Radiators
- name: "HVAC Radiator Expected Mode Office"
  unique_id: hvac_radiator_expected_mode_office
  state: >
    {{ states('sensor.hvac_mode') | capitalize }}

- name: "HVAC Radiator Expected Mode Family Room"
  unique_id: hvac_radiator_expected_mode_family_room
  state: >
    {{ states('sensor.hvac_mode') | capitalize }}

- name: "HVAC Radiator Expected Mode Main Zone"
  unique_id: hvac_radiator_expected_mode_main_zone
  state: >
    {{ states('sensor.hvac_mode') | capitalize }}

# Mini Splits
- name: "HVAC Mini Split Expected Mode Office"
  unique_id: hvac_mini_split_expected_mode_office
  state: >
    {{ states('sensor.hvac_mode') | capitalize }}

- name: "HVAC Mini Split Expected Mode Erik Office"
  unique_id: hvac_mini_split_expected_mode_erik_office
  state: >
    {{ states('sensor.hvac_mode') | capitalize }}

- name: "HVAC Mini Split Expected Mode Family Room"
  unique_id: hvac_mini_split_expected_mode_family_room
  state: >
    {{ states('sensor.hvac_mode') | capitalize }}

- name: "HVAC Mini Split Expected Mode Living Room"
  unique_id: hvac_mini_split_expected_mode_living_room
  state: >
    {{ states('sensor.hvac_mode') | capitalize }}

- name: "HVAC Mini Split Expected Mode Dining Room"
  unique_id: hvac_mini_split_expected_mode_dining_room
  state: >
    {{ states('sensor.hvac_mode') | capitalize }}

- name: "HVAC Mini Split Expected Mode Master Bedroom"
  unique_id: hvac_mini_split_expected_mode_master_bedroom
  state: >
    {{ states('sensor.hvac_mode') | capitalize }}

# Space Heater
- name: "HVAC Space Heater Expected Mode Tina Office"
  unique_id: hvac_space_heater_expected_mode_tina_office
  state: >
    {{ states('sensor.hvac_mode') | capitalize }}

# Ducted
- name: "HVAC Ducted Expected Mode"
  unique_id: hvac_ducted_expected_mode
  state: >
    {{ states('sensor.hvac_mode') | capitalize }}